// Jest Snapshot v1, https://goo.gl/fbAQLP

exports[`matches the snapshot 1`] = `
<DocumentFragment>
  <div
    class="TodoList"
  >
    <div
      class="NewTodoForm"
    >
      <form>
        <div>
          <label
            for="task"
          >
            Task:
          </label>
          <input
            id="task"
            name="task"
            type="text"
            value=""
          />
        </div>
        <button
          id="newTaskButton"
        >
          Create Task
        </button>
      </form>
    </div>
    <hr />
  </div>
</DocumentFragment>
`;
